// Jest Snapshot v1, https://goo.gl/fbAQLP

exports[`docs-landing-hero-cta Render logic should render 1`] = `MockHTMLElement {}`;
