// Jest Snapshot v1, https://goo.gl/fbAQLP

exports[`amplify-responsive-grid Render logic should render 1`] = `MockHTMLElement {}`;
