// Jest Snapshot v1, https://goo.gl/fbAQLP

exports[`amplify-toc-content Render logic should render 1`] = `MockHTMLElement {}`;
